
> divi@0.0.0 test:unit
> vitest --run


[1m[46m RUN [49m[22m [36mv4.1.2 [39m[90mD:/software/divi/divi-app[39m

 [32mÔ£ô[39m src/shared/components/atoms/__tests__/BaseProgressBar.spec.ts [2m([22m[2m2 tests[22m[2m)[22m[32m 97[2mms[22m[39m
[90mstdout[2m | src/modules/transactions/infrastructure/__tests__/DexieTransactionRepository.spec.ts[2m > [22m[2mDexieTransactionRepository[2m > [22m[2mshould save a transaction and automatically fill sync metadata via hooks
[22m[39m[DexieTransactionRepository] Transa├º├úo salva localmente. Sync disparado via hooks.

 [32mÔ£ô[39m src/shared/components/molecules/__tests__/SyncStatusIndicator.spec.ts [2m([22m[2m3 tests[22m[2m)[22m[32m 52[2mms[22m[39m
[90mstdout[2m | src/modules/transactions/infrastructure/__tests__/DexieTransactionRepository.spec.ts[2m > [22m[2mDexieTransactionRepository[2m > [22m[2mshould mark for sync when a transaction is deleted (soft delete)
[22m[39m[DexieTransactionRepository] Transa├º├úo marcada para dele├º├úo.

 [32mÔ£ô[39m src/shared/components/atoms/__tests__/BaseButton.spec.ts [2m([22m[2m6 tests[22m[2m)[22m[32m 68[2mms[22m[39m
 [32mÔ£ô[39m src/modules/transactions/infrastructure/__tests__/DexieTransactionRepository.spec.ts [2m([22m[2m4 tests[22m[2m)[22m[32m 59[2mms[22m[39m
 [32mÔ£ô[39m src/shared/components/atoms/__tests__/BaseIconBox.spec.ts [2m([22m[2m7 tests[22m[2m)[22m[32m 99[2mms[22m[39m
node.exe : [90mstderr[2m | 
src/core/sync/__tests__/SyncEngine.spec.ts[2m > 
[22m[2mSyncEngine (Local-First Engine Foundation)[2m 
> [22m[2mPush Changes[2m > [22m[2mshould implement 
conflict resolution (LWW) when server version is newer
No linha:1 caractere:1
+ & "C:\Program Files\nodejs/node.exe" 
"C:\Users\Luan\AppData\Roaming\n ...
+ ~~~~~~~~~~~~~~~~~~~~~~~~~~~~~~~~~~~~~~~~~~~~~~~~~~~~~~~
~~~~~~~~~~~~~~
    + CategoryInfo          : NotSpecified: ([90mstderr 
   [2m...ersion is newer:String) [], RemoteException
    + FullyQualifiedErrorId : NativeCommandError
 
[22m[39m[SyncEngine] Conflict detected for 
transactions:tx-conflict. Server is newer. Pulling 
server version.

 [32mÔ£ô[39m src/shared/components/atoms/__tests__/BaseSkeleton.spec.ts [2m([22m[2m4 tests[22m[2m)[22m[32m 137[2mms[22m[39m
 [32mÔ£ô[39m src/shared/components/atoms/__tests__/BaseBadge.spec.ts [2m([22m[2m6 tests[22m[2m)[22m[32m 164[2mms[22m[39m
 [32mÔ£ô[39m src/core/sync/__tests__/SyncEngine.spec.ts [2m([22m[2m4 tests[22m[2m)[22m[32m 69[2mms[22m[39m
 [32mÔ£ô[39m src/modules/auth/ui/views/__tests__/ProfileView.spec.ts [2m([22m[2m1 test[22m[2m)[22m[32m 113[2mms[22m[39m
 [32mÔ£ô[39m src/shared/components/molecules/__tests__/ThemeToggle.spec.ts [2m([22m[2m4 tests[22m[2m)[22m[32m 58[2mms[22m[39m
 [32mÔ£ô[39m src/shared/components/atoms/__tests__/BaseSelect.spec.ts [2m([22m[2m3 tests[22m[2m)[22m[32m 198[2mms[22m[39m
 [32mÔ£ô[39m src/shared/components/atoms/__tests__/BaseCard.spec.ts [2m([22m[2m8 tests[22m[2m)[22m[32m 228[2mms[22m[39m
 [32mÔ£ô[39m src/modules/transactions/ui/components/__tests__/TransactionItem.spec.ts [2m([22m[2m3 tests[22m[2m)[22m[32m 201[2mms[22m[39m
 [32mÔ£ô[39m src/shared/components/atoms/__tests__/BaseInput.spec.ts [2m([22m[2m5 tests[22m[2m)[22m[32m 233[2mms[22m[39m
 [32mÔ£ô[39m src/modules/goals/ui/views/__tests__/GoalsView.spec.ts [2m([22m[2m1 test[22m[2m)[22m[32m 64[2mms[22m[39m
[90mstdout[2m | src/modules/transactions/application/stores/__tests__/transactionStore.spec.ts
[22m[39m[DI] Registered: IAuthService
[DI] Registered: ITransactionRepository
[DI] Registered: IWalletRepository
[DI] Registered: ICategoryRepository
[DI] Registered: IPayeeRepository
[DI] Registered: ILoanRepository
[DI] Registered: IBudgetRepository
[DI] Registered: IGoalRepository
[DI] Registered: IBudgetLogicService
[DI] Registered: IGoalLogicService
[DI] Registered: ISubscriptionRepository
[DI] Registered: IActivityLogService
[DI] Registered: IAssetLoader
[DI] Registered: ExportService
[DI] Registered: ISyncEngine

[90mstdout[2m | src/modules/transactions/ui/views/__tests__/TransactionsView.spec.ts
[22m[39m[DI] Registered: IAuthService
[DI] Registered: ITransactionRepository
[DI] Registered: IWalletRepository
[DI] Registered: ICategoryRepository
[DI] Registered: IPayeeRepository
[DI] Registered: ILoanRepository
[DI] Registered: IBudgetRepository
[DI] Registered: IGoalRepository
[DI] Registered: IBudgetLogicService
[DI] Registered: IGoalLogicService
[DI] Registered: ISubscriptionRepository
[DI] Registered: IActivityLogService
[DI] Registered: IAssetLoader
[DI] Registered: ExportService
[DI] Registered: ISyncEngine

 [32mÔ£ô[39m src/modules/loans/ui/views/__tests__/LoansView.spec.ts [2m([22m[2m1 test[22m[2m)[22m[32m 51[2mms[22m[39m
[90mstdout[2m | src/modules/transactions/application/stores/__tests__/transactionStore.spec.ts[2m > [22m[2mTransactionStore CRUD[2m > [22m[2mRead Operations[2m > [22m[2mshould fetch transactions and update state
[22m[39m[DI] Registered: ITransactionRepository
[DI] Registered: IWalletRepository
[DI] Registered: ICategoryRepository
[DI] Registered: IActivityLogService

[90mstdout[2m | src/__tests__/App.spec.ts
[22m[39m[DI] Registered: IAuthService
[DI] Registered: ITransactionRepository
[DI] Registered: IWalletRepository
[DI] Registered: ICategoryRepository
[DI] Registered: IPayeeRepository
[DI] Registered: ILoanRepository
[DI] Registered: IBudgetRepository
[DI] Registered: IGoalRepository
[DI] Registered: IBudgetLogicService
[DI] Registered: IGoalLogicService
[DI] Registered: ISubscriptionRepository
[DI] Registered: IActivityLogService
[DI] Registered: IAssetLoader
[DI] Registered: ExportService
[DI] Registered: ISyncEngine

[90mstdout[2m | src/modules/transactions/application/stores/__tests__/transactionStore.spec.ts[2m > [22m[2mTransactionStore CRUD[2m > [22m[2mRead Operations[2m > [22m[2mshould handle repository errors gracefully during fetch
[22m[39m[DI] Registered: ITransactionRepository
[DI] Registered: IWalletRepository
[DI] Registered: ICategoryRepository
[DI] Registered: IActivityLogService

[90mstdout[2m | src/modules/transactions/application/stores/__tests__/transactionStore.spec.ts[2m > [22m[2mTransactionStore CRUD[2m > [22m[2mCreate/Update Operations[2m > [22m[2mshould call save on repository and refresh list
[22m[39m[DI] Registered: ITransactionRepository
[DI] Registered: IWalletRepository
[DI] Registered: ICategoryRepository
[DI] Registered: IActivityLogService

 [32mÔ£ô[39m src/shared/components/molecules/__tests__/BaseSearchInput.spec.ts [2m([22m[2m6 tests[22m[2m)[22m[33m 466[2mms[22m[39m
[90mstdout[2m | src/modules/auth/ui/views/__tests__/LoginView.spec.ts
[22m[39m[DI] Registered: IAuthService
[DI] Registered: ITransactionRepository
[DI] Registered: IWalletRepository
[DI] Registered: ICategoryRepository
[DI] Registered: IPayeeRepository
[DI] Registered: ILoanRepository
[DI] Registered: IBudgetRepository
[DI] Registered: IGoalRepository
[DI] Registered: IBudgetLogicService
[DI] Registered: IGoalLogicService
[DI] Registered: ISubscriptionRepository
[DI] Registered: IActivityLogService
[DI] Registered: IAssetLoader
[DI] Registered: ExportService
[DI] Registered: ISyncEngine

[90mstdout[2m | src/modules/transactions/application/stores/__tests__/transactionStore.spec.ts[2m > [22m[2mTransactionStore CRUD[2m > [22m[2mDelete Operations[2m > [22m[2mshould perform optimistic delete and then persist
[22m[39m[DI] Registered: ITransactionRepository
[DI] Registered: IWalletRepository
[DI] Registered: ICategoryRepository
[DI] Registered: IActivityLogService

[90mstdout[2m | src/modules/transactions/application/stores/__tests__/transactionStore.spec.ts[2m > [22m[2mTransactionStore CRUD[2m > [22m[2mDelete Operations[2m > [22m[2mshould rollback optimistic delete on failure
[22m[39m[DI] Registered: ITransactionRepository
[DI] Registered: IWalletRepository
[DI] Registered: ICategoryRepository
[DI] Registered: IActivityLogService

[90mstderr[2m | src/modules/transactions/application/st
ores/__tests__/transactionStore.spec.ts[2m > 
[22m[2mTransactionStore CRUD[2m > [22m[2mDelete 
Operations[2m > [22m[2mshould rollback optimistic 
delete on failure
[22m[39mErro ao deletar transa├º├úo: Error: Delete 
Failed
    at D:/software/divi/divi-app/src/modules/transactions
/application/stores/__tests__/transactionStore.spec.ts:12
6:52
    at [90mfile:///D:/software/divi/divi-app/[39mnode_m
odules/[4m@vitest/runner[24m/dist/chunk-artifact.js:302
:11
    at [90mfile:///D:/software/divi/divi-app/[39mnode_m
odules/[4m@vitest/runner[24m/dist/chunk-artifact.js:189
3:26
    at [90mfile:///D:/software/divi/divi-app/[39mnode_m
odules/[4m@vitest/runner[24m/dist/chunk-artifact.js:231
6:20
    at new Promise (<anonymous>)
    at runWithCancel [90m(file:///D:/software/divi/divi-
app/[39mnode_modules/[4m@vitest/runner[24m/dist/chunk-
artifact.js:2313:10[90m)[39m
    at [90mfile:///D:/software/divi/divi-app/[39mnode_m
odules/[4m@vitest/runner[24m/dist/chunk-artifact.js:229
5:20
    at new Promise (<anonymous>)
    at runWithTimeout [90m(file:///D:/software/divi/divi
-app/[39mnode_modules/[4m@vitest/runner[24m/dist/chunk
-artifact.js:2262:10[90m)[39m
    at [90mfile:///D:/software/divi/divi-app/[39mnode_m
odules/[4m@vitest/runner[24m/dist/chunk-artifact.js:294
5:64

[90mstdout[2m | src/modules/transactions/application/stores/__tests__/transactionStore.spec.ts[2m > [22m[2mTransactionStore CRUD[2m > [22m[2mValidation and Optimistic Updates[2m > [22m[2mshould validate transaction before saving
[22m[39m[DI] Registered: ITransactionRepository
[DI] Registered: IWalletRepository
[DI] Registered: ICategoryRepository
[DI] Registered: IActivityLogService

[90mstdout[2m | src/modules/transactions/application/stores/__tests__/transactionStore.spec.ts[2m > [22m[2mTransactionStore CRUD[2m > [22m[2mValidation and Optimistic Updates[2m > [22m[2mshould support updating an existing transaction in the list and handle refresh
[22m[39m[DI] Registered: ITransactionRepository
[DI] Registered: IWalletRepository
[DI] Registered: ICategoryRepository
[DI] Registered: IActivityLogService

[90mstdout[2m | src/modules/transactions/application/stores/__tests__/transactionStore.spec.ts[2m > [22m[2mTransactionStore CRUD[2m > [22m[2mValidation and Optimistic Updates[2m > [22m[2mshould assign current user_id when saving a new transaction
[22m[39m[DI] Registered: ITransactionRepository
[DI] Registered: IWalletRepository
[DI] Registered: ICategoryRepository
[DI] Registered: IActivityLogService

[90mstdout[2m | src/modules/transactions/application/stores/__tests__/transactionStore.spec.ts[2m > [22m[2mTransactionStore CRUD[2m > [22m[2mAudit Logging[2m > [22m[2mshould create an audit log entry when saving a transaction
[22m[39m[DI] Registered: ITransactionRepository
[DI] Registered: IWalletRepository
[DI] Registered: ICategoryRepository
[DI] Registered: IActivityLogService

[90mstdout[2m | src/modules/transactions/application/stores/__tests__/transactionStore.spec.ts[2m > [22m[2mTransactionStore CRUD[2m > [22m[2mAudit Logging[2m > [22m[2mshould create an audit log entry when deleting a transaction
[22m[39m[DI] Registered: ITransactionRepository
[DI] Registered: IWalletRepository
[DI] Registered: ICategoryRepository
[DI] Registered: IActivityLogService

 [31mÔØ»[39m src/modules/transactions/application/stores/__tests__/transactionStore.spec.ts [2m([22m[2m10 tests[22m[2m | [22m[31m1 failed[39m[2m)[22m[32m 69[2mms[22m[39m
       [32mÔ£ô[39m should fetch transactions and update state[32m 10[2mms[22m[39m
       [32mÔ£ô[39m should handle repository errors gracefully during fetch[32m 3[2mms[22m[39m
       [32mÔ£ô[39m should call save on repository and refresh list[32m 31[2mms[22m[39m
       [32mÔ£ô[39m should perform optimistic delete and then persist[32m 2[2mms[22m[39m
       [32mÔ£ô[39m should rollback optimistic delete on failure[32m 6[2mms[22m[39m
       [32mÔ£ô[39m should validate transaction before saving[32m 2[2mms[22m[39m
       [32mÔ£ô[39m should support updating an existing transaction in the list and handle refresh[32m 1[2mms[22m[39m
       [32mÔ£ô[39m should assign current user_id when saving a new transaction[32m 1[2mms[22m[39m
[31m       [31m├ù[31m should create an audit log entry when saving a transaction[39m[32m 8[2mms[22m[39m
       [32mÔ£ô[39m should create an audit log entry when deleting a transaction[32m 2[2mms[22m[39m
[90mstdout[2m | src/modules/auth/ui/views/__tests__/LoginView.spec.ts[2m > [22m[2mLoginView.vue[2m > [22m[2mrenders login view with proper accessibility attributes
[22m[39m[DI] Registered: IAuthService

 [32mÔ£ô[39m src/modules/auth/ui/__tests__/AuthView.spec.ts [2m([22m[2m6 tests[22m[2m)[22m[33m 416[2mms[22m[39m
 [32mÔ£ô[39m src/modules/dashboard/ui/views/__tests__/DashboardView.spec.ts [2m([22m[2m3 tests[22m[2m)[22m[32m 185[2mms[22m[39m
[90mstdout[2m | src/modules/auth/ui/views/__tests__/LoginView.spec.ts[2m > [22m[2mLoginView.vue[2m > [22m[2msvg and loading spinner should have aria-hidden
[22m[39m[DI] Registered: IAuthService

[90mstdout[2m | src/modules/auth/ui/views/__tests__/LoginView.spec.ts[2m > [22m[2mLoginView.vue[2m > [22m[2mterms and privacy links should have aria-labels
[22m[39m[DI] Registered: IAuthService

 [32mÔ£ô[39m src/modules/auth/ui/views/__tests__/LoginView.spec.ts [2m([22m[2m3 tests[22m[2m)[22m[32m 265[2mms[22m[39m
 [32mÔ£ô[39m src/__tests__/App.spec.ts [2m([22m[2m1 test[22m[2m)[22m[32m 80[2mms[22m[39m
 [32mÔ£ô[39m src/modules/transactions/ui/views/__tests__/TransactionsView.spec.ts [2m([22m[2m2 tests[22m[2m)[22m[32m 292[2mms[22m[39m
 [32mÔ£ô[39m src/modules/budgets/application/services/__tests__/BudgetLogicService.spec.ts [2m([22m[2m3 tests[22m[2m)[22m[32m 3[2mms[22m[39m
 [32mÔ£ô[39m src/modules/auth/application/__tests__/authStore.spec.ts [2m([22m[2m3 tests[22m[2m)[22m[32m 11[2mms[22m[39m
 [32mÔ£ô[39m src/modules/transactions/application/services/__tests__/AutoCategorizationService.spec.ts [2m([22m[2m3 tests[22m[2m)[22m[32m 4[2mms[22m[39m
 [32mÔ£ô[39m src/modules/auth/infrastructure/__tests__/SupabaseAuth.spec.ts [2m([22m[2m10 tests[22m[2m)[22m[32m 15[2mms[22m[39m
 [32mÔ£ô[39m src/modules/transactions/domain/__tests__/Transaction.spec.ts [2m([22m[2m2 tests[22m[2m)[22m[32m 7[2mms[22m[39m
 [32mÔ£ô[39m src/shared/components/atoms/__tests__/ItemSyncIndicator.spec.ts [2m([22m[2m4 tests[22m[2m)[22m[32m 47[2mms[22m[39m
 [32mÔ£ô[39m src/core/router/__tests__/index.spec.ts [2m([22m[2m2 tests[22m[2m)[22m[32m 17[2mms[22m[39m
 [32mÔ£ô[39m src/shared/stores/__tests__/themeStore.spec.ts [2m([22m[2m4 tests[22m[2m)[22m[32m 15[2mms[22m[39m
 [32mÔ£ô[39m src/modules/auth/application/__tests__/AuthPersistence.spec.ts [2m([22m[2m2 tests[22m[2m)[22m[32m 7[2mms[22m[39m
 [32mÔ£ô[39m src/modules/loans/application/stores/__tests__/loanStore.spec.ts [2m([22m[2m2 tests[22m[2m)[22m[32m 5[2mms[22m[39m
 [32mÔ£ô[39m src/dummy.spec.ts [2m([22m[2m1 test[22m[2m)[22m[32m 3[2mms[22m[39m
 [32mÔ£ô[39m src/modules/goals/application/stores/__tests__/goalStore.spec.ts [2m([22m[2m2 tests[22m[2m)[22m[32m 5[2mms[22m[39m
 [32mÔ£ô[39m src/modules/budgets/application/stores/__tests__/budgetStore.spec.ts [2m([22m[2m2 tests[22m[2m)[22m[32m 8[2mms[22m[39m
[90mstderr[2m | 
src/core/sync/__tests__/SyncEngineError.spec.ts[2m > 
[22m[2mSyncEngine Error Handling[2m > [22m[2mshould 
mark records as "failed" if Supabase returns an error
[22m[39m[SyncEngine] Upsert error in 
transactions:error-123 { message: [32m'Network 
Timeout'[39m, code: [32m'TIMEOUT'[39m }

 [32mÔ£ô[39m src/core/sync/__tests__/SyncEngineError.spec.ts [2m([22m[2m1 test[22m[2m)[22m[32m 27[2mms[22m[39m
 [32mÔ£ô[39m src/modules/subscriptions/ui/views/__tests__/SubscriptionsView.spec.ts [2m([22m[2m1 test[22m[2m)[22m[32m 24[2mms[22m[39m
 [32mÔ£ô[39m src/modules/budgets/ui/views/__tests__/BudgetsView.spec.ts [2m([22m[2m1 test[22m[2m)[22m[32m 27[2mms[22m[39m

[31mÔÄ»ÔÄ»ÔÄ»ÔÄ»ÔÄ»ÔÄ»ÔÄ»[39m[1m[41m Failed Tests 1 
[49m[22m[31mÔÄ»ÔÄ»ÔÄ»ÔÄ»ÔÄ»ÔÄ»ÔÄ»[39m

[41m[1m FAIL [22m[49m src/modules/transactions/applic
ation/stores/__tests__/transactionStore.spec.ts[2m > 
[22mTransactionStore CRUD[2m > [22mAudit Logging[2m 
> [22mshould create an audit log entry when saving a 
transaction
[31m[1mAssertionError[22m: expected "vi.fn()" to be 
called with arguments: [ ObjectContaining{ÔÇª} ][90m

Received:

[1m  1st vi.fn() call:

[22m[2m  [[22m
[32m-   ObjectContaining {[90m
[32m-     "action": StringMatching 
/Transaction|Transa├º├úo/i,[90m
[32m-     "description": StringMatching /R\$ 10 : 
Sample/,[90m
[31m+   {[90m
[31m+     "action": "Nova Transa├º├úo",[90m
[31m+     "description": "R$ 10,00 : Sample",[90m
[31m+     "type": "success",[90m
[2m      "user_id": "test-user-id",[22m
[2m    },[22m
[2m  ][22m
[31m[90m

Number of calls: [1m1[22m
[31m[39m
[36m [2mÔØ»[22m src/modules/transactions/application/s
tores/__tests__/transactionStore.spec.ts:[2m172:50[22m
[39m
    [90m170|[39m       [35mawait[39m 
store[33m.[39m[34msaveTransaction[39m(sampleTx)
    [90m171|[39m
    [90m172|[39m       expect(mockActivityLogService.lo
gActivity).toHaveBeenCalledWith(ÔÇª
    [90m   |[39m                                       
           [31m^[39m
    [90m173|[39m         action[33m:[39m expect[33m.
[39m[34mstringMatching[39m([36m/Transaction|Transa├º├
úo/i[39m)[33m,[39m
    [90m174|[39m         description[33m:[39m 
expect[33m.[39m[34mstringMatching[39m([36m/R\$ 10 : 
Sample/[39m)[33m,[39m

[31m[2mÔÄ»ÔÄ»ÔÄ»ÔÄ»ÔÄ»ÔÄ»ÔÄ»ÔÄ»ÔÄ»ÔÄ»ÔÄ»ÔÄ»ÔÄ»ÔÄ»ÔÄ»ÔÄ»
ÔÄ»ÔÄ»ÔÄ»ÔÄ»ÔÄ»ÔÄ»ÔÄ»ÔÄ»[1/1]ÔÄ»[22m[39m


[2m Test Files [22m [1m[31m1 failed[39m[22m[2m | [22m[1m[32m38 passed[39m[22m[90m (39)[39m
[2m      Tests [22m [1m[31m1 failed[39m[22m[2m | [22m[1m[32m135 passed[39m[22m[90m (136)[39m
[2m   Start at [22m 13:15:19
[2m   Duration [22m 5.09s[2m (transform 15.98s, setup 7.97s, import 23.33s, tests 3.89s, environment 57.05s)[22m

