
[1m[46m RUN [49m[22m [36mv4.1.2 [39m[90mD:/software/divi/divi-app[39m

[90mstdout[2m | src/core/sync/__tests__/SyncStrategy.spec.ts[2m > [22m[2mSync Strategy (LWW)[2m > [22m[2mshould NOT overwrite remote record if remote updated_at is newer
[22m[39m[SyncEngine] Found 1 pending records.

[90mstdout[2m | src/core/sync/__tests__/SyncEngineError.spec.ts[2m > [22m[2mSyncEngine Task Implementation: Error Handling[2m > [22m[2mshould mark records as failed if Supabase returns an error
[22m[39m[SyncEngine] Found 1 pending records.

[90mstdout[2m | src/core/sync/__tests__/SyncEngineTask.spec.ts[2m > [22m[2mSyncEngine Task Implementation: Validate Response[2m > [22m[2mshould update local record with remote id and set status to synced for NEW records
[22m[39m[SyncEngine] Found 1 pending records.

node.exe : [90mstderr[2m | 
src/core/sync/__tests__/SyncEngineError.spec.ts[2m > 
[22m[2mSyncEngine Task Implementation: Error 
Handling[2m > [22m[2mshould mark records as failed if 
Supabase returns an error
No linha:1 caractere:1
+ & "C:\Program Files\nodejs/node.exe" 
"C:\Users\Luan\AppData\Roaming\n ...
+ ~~~~~~~~~~~~~~~~~~~~~~~~~~~~~~~~~~~~~~~~~~~~~~~~~~~~~~~
~~~~~~~~~~~~~~
    + CategoryInfo          : NotSpecified: ([90mstderr 
   [2m...eturns an error:String) [], RemoteException
    + FullyQualifiedErrorId : NativeCommandError
 
[22m[39m[SyncEngine] Sync error: TypeError: Cannot 
read properties of undefined (reading 'getUser')
    at SyncEngine.syncTableRecords (D:/software/divi/divi
-app/src/core/sync/SyncEngine.ts:164:56)
    at SyncEngine.sync (D:/software/divi/divi-app/src/cor
e/sync/SyncEngine.ts:113:20)
[90m    at runNextTicks 
(node:internal/process/task_queues:64:5)[39m
[90m    at processImmediate 
(node:internal/timers:472:9)[39m
    at D:/software/divi/divi-app/src/core/sync/__tests__/
SyncEngineError.spec.ts:67:5
    at [90mfile:///D:/software/divi/divi-app/[39mnode_m
odules/[4m@vitest/runner[24m/dist/chunk-artifact.js:189
3:20

[90mstderr[2m | 
src/core/sync/__tests__/SyncStrategy.spec.ts[2m > 
[22m[2mSync Strategy (LWW)[2m > [22m[2mshould NOT 
overwrite remote record if remote updated_at is newer
[22m[39m[SyncEngine] Sync error: TypeError: Cannot 
read properties of undefined (reading 'getUser')
    at SyncEngine.syncTableRecords (D:/software/divi/divi
-app/src/core/sync/SyncEngine.ts:164:56)
    at SyncEngine.sync (D:/software/divi/divi-app/src/cor
e/sync/SyncEngine.ts:113:20)
[90m    at runNextTicks 
(node:internal/process/task_queues:64:5)[39m
[90m    at processImmediate 
(node:internal/timers:472:9)[39m
    at D:/software/divi/divi-app/src/core/sync/__tests__/
SyncStrategy.spec.ts:65:5
    at [90mfile:///D:/software/divi/divi-app/[39mnode_m
odules/[4m@vitest/runner[24m/dist/chunk-artifact.js:189
3:20

[90mstderr[2m | 
src/core/sync/__tests__/SyncEngineTask.spec.ts[2m > 
[22m[2mSyncEngine Task Implementation: Validate 
Response[2m > [22m[2mshould update local record with 
remote id and set status to synced for NEW records
[22m[39m[SyncEngine] Sync error: TypeError: Cannot 
read properties of undefined (reading 'getUser')
    at SyncEngine.syncTableRecords (D:/software/divi/divi
-app/src/core/sync/SyncEngine.ts:164:56)
    at SyncEngine.sync (D:/software/divi/divi-app/src/cor
e/sync/SyncEngine.ts:113:20)
[90m    at runNextTicks 
(node:internal/process/task_queues:64:5)[39m
[90m    at processImmediate 
(node:internal/timers:472:9)[39m
    at D:/software/divi/divi-app/src/core/sync/__tests__/
SyncEngineTask.spec.ts:66:5
    at [90mfile:///D:/software/divi/divi-app/[39mnode_m
odules/[4m@vitest/runner[24m/dist/chunk-artifact.js:189
3:20

[90mstdout[2m | src/core/sync/__tests__/SyncEngineError.spec.ts[2m > [22m[2mSyncEngine Task Implementation: Error Handling[2m > [22m[2mshould mark records as failed if an exception is thrown during sync
[22m[39m[SyncEngine] Found 1 pending records.

 [31mÔØ»[39m src/core/sync/__tests__/SyncEngineTask.spec.ts [2m([22m[2m1 test[22m[2m | [22m[31m1 failed[39m[2m)[22m[32m 49[2mms[22m[39m
[31m     [31m├ù[31m should update local record with remote id and set status to synced for NEW records[39m[32m 48[2mms[22m[39m
[90mstdout[2m | src/core/sync/__tests__/SyncStrategy.spec.ts[2m > [22m[2mSync Strategy (LWW)[2m > [22m[2mshould overwrite remote record if local updated_at is newer
[22m[39m[SyncEngine] Found 1 pending records.

[90mstderr[2m | 
src/core/sync/__tests__/SyncEngineError.spec.ts[2m > 
[22m[2mSyncEngine Task Implementation: Error 
Handling[2m > [22m[2mshould mark records as failed if 
an exception is thrown during sync
[22m[39m[SyncEngine] Sync error: TypeError: Cannot 
read properties of undefined (reading 'getUser')
    at SyncEngine.syncTableRecords (D:/software/divi/divi
-app/src/core/sync/SyncEngine.ts:164:56)
    at SyncEngine.sync (D:/software/divi/divi-app/src/cor
e/sync/SyncEngine.ts:113:20)
[90m    at runNextTicks 
(node:internal/process/task_queues:64:5)[39m
[90m    at processImmediate 
(node:internal/timers:472:9)[39m
    at D:/software/divi/divi-app/src/core/sync/__tests__/
SyncEngineError.spec.ts:96:5
    at [90mfile:///D:/software/divi/divi-app/[39mnode_m
odules/[4m@vitest/runner[24m/dist/chunk-artifact.js:189
3:20

[90mstderr[2m | 
src/core/sync/__tests__/SyncStrategy.spec.ts[2m > 
[22m[2mSync Strategy (LWW)[2m > [22m[2mshould 
overwrite remote record if local updated_at is newer
[22m[39m[SyncEngine] Sync error: TypeError: Cannot 
read properties of undefined (reading 'getUser')
    at SyncEngine.syncTableRecords (D:/software/divi/divi
-app/src/core/sync/SyncEngine.ts:164:56)
    at SyncEngine.sync (D:/software/divi/divi-app/src/cor
e/sync/SyncEngine.ts:113:20)
[90m    at runNextTicks 
(node:internal/process/task_queues:64:5)[39m
[90m    at processImmediate 
(node:internal/timers:472:9)[39m
    at D:/software/divi/divi-app/src/core/sync/__tests__/
SyncStrategy.spec.ts:126:5
    at [90mfile:///D:/software/divi/divi-app/[39mnode_m
odules/[4m@vitest/runner[24m/dist/chunk-artifact.js:189
3:20

[90mstdout[2m | src/core/sync/__tests__/SyncStrategy.spec.ts[2m > [22m[2mSync Strategy (LWW)[2m > [22m[2mshould mark records as failed if supabase upsert fails
[22m[39m[SyncEngine] Found 1 pending records.

[90mstderr[2m | 
src/core/sync/__tests__/SyncStrategy.spec.ts[2m > 
[22m[2mSync Strategy (LWW)[2m > [22m[2mshould mark 
records as failed if supabase upsert fails
[22m[39m[SyncEngine] Sync error: TypeError: Cannot 
read properties of undefined (reading 'getUser')
    at SyncEngine.syncTableRecords (D:/software/divi/divi
-app/src/core/sync/SyncEngine.ts:164:56)
    at SyncEngine.sync (D:/software/divi/divi-app/src/cor
e/sync/SyncEngine.ts:113:20)
[90m    at runNextTicks 
(node:internal/process/task_queues:64:5)[39m
[90m    at processImmediate 
(node:internal/timers:472:9)[39m
    at D:/software/divi/divi-app/src/core/sync/__tests__/
SyncStrategy.spec.ts:168:5
    at [90mfile:///D:/software/divi/divi-app/[39mnode_m
odules/[4m@vitest/runner[24m/dist/chunk-artifact.js:189
3:20

 [31mÔØ»[39m src/core/sync/__tests__/SyncEngineError.spec.ts [2m([22m[2m2 tests[22m[2m | [22m[31m2 failed[39m[2m)[22m[32m 55[2mms[22m[39m
[31m     [31m├ù[31m should mark records as failed if Supabase returns an error[39m[32m 45[2mms[22m[39m
[31m     [31m├ù[31m should mark records as failed if an exception is thrown during sync[39m[32m 8[2mms[22m[39m
 [32mÔ£ô[39m src/shared/components/atoms/__tests__/BaseButton.spec.ts [2m([22m[2m6 tests[22m[2m)[22m[32m 61[2mms[22m[39m
 [31mÔØ»[39m src/core/sync/__tests__/SyncStrategy.spec.ts [2m([22m[2m3 tests[22m[2m | [22m[31m3 failed[39m[2m)[22m[32m 66[2mms[22m[39m
[31m     [31m├ù[31m should NOT overwrite remote record if remote updated_at is newer[39m[32m 47[2mms[22m[39m
[31m     [31m├ù[31m should overwrite remote record if local updated_at is newer[39m[32m 8[2mms[22m[39m
[31m     [31m├ù[31m should mark records as failed if supabase upsert fails[39m[32m 9[2mms[22m[39m
 [32mÔ£ô[39m src/shared/components/atoms/__tests__/BaseIconBox.spec.ts [2m([22m[2m7 tests[22m[2m)[22m[32m 82[2mms[22m[39m
 [32mÔ£ô[39m src/shared/components/atoms/__tests__/BaseProgressBar.spec.ts [2m([22m[2m2 tests[22m[2m)[22m[32m 106[2mms[22m[39m
 [32mÔ£ô[39m src/shared/components/atoms/__tests__/BaseSkeleton.spec.ts [2m([22m[2m4 tests[22m[2m)[22m[32m 122[2mms[22m[39m
 [32mÔ£ô[39m src/shared/components/atoms/__tests__/BaseBadge.spec.ts [2m([22m[2m6 tests[22m[2m)[22m[32m 154[2mms[22m[39m
 [32mÔ£ô[39m src/shared/components/molecules/__tests__/ThemeToggle.spec.ts [2m([22m[2m4 tests[22m[2m)[22m[32m 71[2mms[22m[39m
 [32mÔ£ô[39m src/modules/subscriptions/ui/views/__tests__/SubscriptionsView.spec.ts [2m([22m[2m1 test[22m[2m)[22m[32m 50[2mms[22m[39m
 [32mÔ£ô[39m src/shared/components/atoms/__tests__/BaseCard.spec.ts [2m([22m[2m8 tests[22m[2m)[22m[32m 286[2mms[22m[39m
 [32mÔ£ô[39m src/shared/components/atoms/__tests__/BaseInput.spec.ts [2m([22m[2m5 tests[22m[2m)[22m[32m 299[2mms[22m[39m
 [32mÔ£ô[39m src/modules/transactions/ui/components/__tests__/TransactionItem.spec.ts [2m([22m[2m3 tests[22m[2m)[22m[32m 179[2mms[22m[39m
 [32mÔ£ô[39m src/shared/components/atoms/__tests__/BaseSelect.spec.ts [2m([22m[2m3 tests[22m[2m)[22m[32m 283[2mms[22m[39m
 [32mÔ£ô[39m src/modules/loans/ui/views/__tests__/LoansView.spec.ts [2m([22m[2m1 test[22m[2m)[22m[32m 61[2mms[22m[39m
 [32mÔ£ô[39m src/shared/components/molecules/__tests__/BaseSearchInput.spec.ts [2m([22m[2m6 tests[22m[2m)[22m[33m 487[2mms[22m[39m
[90mstdout[2m | src/modules/transactions/ui/views/__tests__/TransactionsView.spec.ts
[22m[39m[DI] Registered: IAuthService
[DI] Registered: ITransactionRepository
[DI] Registered: IWalletRepository
[DI] Registered: ICategoryRepository
[DI] Registered: IPayeeRepository
[DI] Registered: ILoanRepository
[DI] Registered: IBudgetRepository
[DI] Registered: IGoalRepository
[DI] Registered: IBudgetLogicService
[DI] Registered: IGoalLogicService
[DI] Registered: ISubscriptionRepository
[DI] Registered: IActivityLogService
[DI] Registered: IAssetLoader
[DI] Registered: ExportService
[DI] Registered: ISyncEngine

[90mstdout[2m | src/__tests__/App.spec.ts
[22m[39m[DI] Registered: IAuthService
[DI] Registered: ITransactionRepository
[DI] Registered: IWalletRepository
[DI] Registered: ICategoryRepository
[DI] Registered: IPayeeRepository
[DI] Registered: ILoanRepository
[DI] Registered: IBudgetRepository
[DI] Registered: IGoalRepository
[DI] Registered: IBudgetLogicService
[DI] Registered: IGoalLogicService
[DI] Registered: ISubscriptionRepository
[DI] Registered: IActivityLogService
[DI] Registered: IAssetLoader
[DI] Registered: ExportService
[DI] Registered: ISyncEngine

[90mstdout[2m | src/modules/auth/ui/views/__tests__/LoginView.spec.ts
[22m[39m[DI] Registered: IAuthService
[DI] Registered: ITransactionRepository
[DI] Registered: IWalletRepository
[DI] Registered: ICategoryRepository
[DI] Registered: IPayeeRepository
[DI] Registered: ILoanRepository
[DI] Registered: IBudgetRepository
[DI] Registered: IGoalRepository
[DI] Registered: IBudgetLogicService
[DI] Registered: IGoalLogicService
[DI] Registered: ISubscriptionRepository
[DI] Registered: IActivityLogService
[DI] Registered: IAssetLoader
[DI] Registered: ExportService
[DI] Registered: ISyncEngine

 [32mÔ£ô[39m src/core/router/__tests__/index.spec.ts [2m([22m[2m2 tests[22m[2m)[22m[33m 748[2mms[22m[39m
     [33m[2mÔ£ô[22m[39m should redirect to login if route requires auth and no user is present [33m 305[2mms[22m[39m
     [33m[2mÔ£ô[22m[39m should redirect to dashboard if route is guestOnly and user is logged in [33m 441[2mms[22m[39m
[90mstdout[2m | src/modules/auth/ui/views/__tests__/LoginView.spec.ts[2m > [22m[2mLoginView.vue[2m > [22m[2mrenders login view with proper accessibility attributes
[22m[39m[DI] Registered: IAuthService

 [32mÔ£ô[39m src/modules/dashboard/ui/views/__tests__/DashboardView.spec.ts [2m([22m[2m3 tests[22m[2m)[22m[32m 199[2mms[22m[39m
[90mstdout[2m | src/modules/auth/ui/views/__tests__/LoginView.spec.ts[2m > [22m[2mLoginView.vue[2m > [22m[2msvg and loading spinner should have aria-hidden
[22m[39m[DI] Registered: IAuthService

[90mstdout[2m | src/modules/auth/ui/views/__tests__/LoginView.spec.ts[2m > [22m[2mLoginView.vue[2m > [22m[2mterms and privacy links should have aria-labels
[22m[39m[DI] Registered: IAuthService

 [32mÔ£ô[39m src/modules/auth/ui/views/__tests__/LoginView.spec.ts [2m([22m[2m3 tests[22m[2m)[22m[32m 287[2mms[22m[39m
 [32mÔ£ô[39m src/modules/auth/ui/__tests__/AuthView.spec.ts [2m([22m[2m6 tests[22m[2m)[22m[33m 571[2mms[22m[39m
 [32mÔ£ô[39m src/__tests__/App.spec.ts [2m([22m[2m1 test[22m[2m)[22m[32m 87[2mms[22m[39m
 [32mÔ£ô[39m src/modules/transactions/ui/views/__tests__/TransactionsView.spec.ts [2m([22m[2m2 tests[22m[2m)[22m[32m 280[2mms[22m[39m
 [32mÔ£ô[39m src/modules/transactions/infrastructure/__tests__/DexieTransactionRepository.spec.ts [2m([22m[2m2 tests[22m[2m)[22m[32m 32[2mms[22m[39m
 [32mÔ£ô[39m src/shared/components/atoms/__tests__/ItemSyncIndicator.spec.ts [2m([22m[2m3 tests[22m[2m)[22m[32m 56[2mms[22m[39m
 [32mÔ£ô[39m src/modules/auth/infrastructure/__tests__/SupabaseAuth.spec.ts [2m([22m[2m10 tests[22m[2m)[22m[32m 17[2mms[22m[39m
 [32mÔ£ô[39m src/modules/auth/application/__tests__/authStore.spec.ts [2m([22m[2m3 tests[22m[2m)[22m[32m 13[2mms[22m[39m
 [32mÔ£ô[39m src/shared/stores/__tests__/themeStore.spec.ts [2m([22m[2m4 tests[22m[2m)[22m[32m 14[2mms[22m[39m
 [32mÔ£ô[39m src/modules/budgets/application/stores/__tests__/budgetStore.spec.ts [2m([22m[2m2 tests[22m[2m)[22m[32m 13[2mms[22m[39m
 [32mÔ£ô[39m src/modules/transactions/application/services/__tests__/AutoCategorizationService.spec.ts [2m([22m[2m3 tests[22m[2m)[22m[32m 3[2mms[22m[39m
 [32mÔ£ô[39m src/modules/transactions/domain/__tests__/Transaction.spec.ts [2m([22m[2m2 tests[22m[2m)[22m[32m 6[2mms[22m[39m
 [32mÔ£ô[39m src/modules/budgets/application/services/__tests__/BudgetLogicService.spec.ts [2m([22m[2m3 tests[22m[2m)[22m[32m 3[2mms[22m[39m
 [32mÔ£ô[39m src/modules/budgets/ui/views/__tests__/BudgetsView.spec.ts [2m([22m[2m1 test[22m[2m)[22m[32m 33[2mms[22m[39m
 [32mÔ£ô[39m src/modules/loans/application/stores/__tests__/loanStore.spec.ts [2m([22m[2m2 tests[22m[2m)[22m[32m 7[2mms[22m[39m
 [32mÔ£ô[39m src/modules/goals/application/stores/__tests__/goalStore.spec.ts [2m([22m[2m2 tests[22m[2m)[22m[32m 6[2mms[22m[39m
 [32mÔ£ô[39m src/modules/goals/ui/views/__tests__/GoalsView.spec.ts [2m([22m[2m1 test[22m[2m)[22m[32m 26[2mms[22m[39m
[90mstdout[2m | src/core/sync/__tests__/SyncEngine.spec.ts[2m > [22m[2mSyncEngine[2m > [22m[2mshould perform bulk upsert and update local status to synced
[22m[39m[SyncEngine] Found 1 pending records.

[90mstderr[2m | 
src/core/sync/__tests__/SyncEngine.spec.ts[2m > 
[22m[2mSyncEngine[2m > [22m[2mshould perform bulk 
upsert and update local status to synced
[22m[39m[SyncEngine] Sync error: TypeError: Cannot 
read properties of undefined (reading 'getUser')
    at SyncEngine.syncTableRecords (D:/software/divi/divi
-app/src/core/sync/SyncEngine.ts:164:56)
    at SyncEngine.sync (D:/software/divi/divi-app/src/cor
e/sync/SyncEngine.ts:113:20)
[90m    at runNextTicks 
(node:internal/process/task_queues:64:5)[39m
[90m    at processImmediate 
(node:internal/timers:472:9)[39m
    at D:/software/divi/divi-app/src/core/sync/__tests__/
SyncEngine.spec.ts:226:5
    at [90mfile:///D:/software/divi/divi-app/[39mnode_m
odules/[4m@vitest/runner[24m/dist/chunk-artifact.js:189
3:20

[90mstdout[2m | src/core/sync/__tests__/SyncEngine.spec.ts[2m > [22m[2mSyncEngine[2m > [22m[2mshould perform bulk delete and remove local record
[22m[39m[SyncEngine] Found 1 pending records.

 [31mÔØ»[39m src/core/sync/__tests__/SyncEngine.spec.ts [2m([22m[2m8 tests[22m[2m | [22m[31m6 failed[39m[2m)[22m[33m 3070[2mms[22m[39m
     [32mÔ£ô[39m should find all pending records across monitored tables[32m 24[2mms[22m[39m
     [32mÔ£ô[39m should find failed records as well[32m 6[2mms[22m[39m
[31m     [31m├ù[31m should trigger sync when a pending record is added[39m[33m 1509[2mms[22m[39m
[31m     [31m├ù[31m should trigger sync when a record is updated to pending[39m[33m 1508[2mms[22m[39m
[31m     [31m├ù[31m should trigger sync when network comes online[39m[32m 2[2mms[22m[39m
[31m     [31m├ù[31m should update online state when network goes offline[39m[32m 2[2mms[22m[39m
[31m     [31m├ù[31m should perform bulk upsert and update local status to synced[39m[32m 10[2mms[22m[39m
[31m     [31m├ù[31m should perform bulk delete and remove local record[39m[32m 6[2mms[22m[39m

[31mÔÄ»ÔÄ»ÔÄ»ÔÄ»ÔÄ»ÔÄ»[39m[1m[41m Failed Tests 12 
[49m[22m[31mÔÄ»ÔÄ»ÔÄ»ÔÄ»ÔÄ»ÔÄ»ÔÄ»[39m

[41m[1m FAIL [22m[49m 
src/core/sync/__tests__/SyncEngine.spec.ts[2m > 
[22mSyncEngine[2m > [22mshould trigger sync when a 
pending record is added
[31m[1mAssertionError[22m: expected "sync" to be 
called at least once[39m
[36m [2mÔØ»[22m src/core/sync/__tests__/SyncEngine.spe
c.ts:[2m127:21[22m[39m
    [90m125|[39m     [35mawait[39m [35mnew[39m 
[33mPromise[39m(resolve [33m=>[39m 
[34msetTimeout[39m(resolve[33m,[39m [34m1500[39m))
    [90m126|[39m
    [90m127|[39m     [34mexpect[39m(syncSpy)[33m.[3
9m[34mtoHaveBeenCalled[39m()
    [90m   |[39m                     [31m^[39m
    [90m128|[39m   })
    [90m129|[39m

[31m[2mÔÄ»ÔÄ»ÔÄ»ÔÄ»ÔÄ»ÔÄ»ÔÄ»ÔÄ»ÔÄ»ÔÄ»ÔÄ»ÔÄ»ÔÄ»ÔÄ»ÔÄ»ÔÄ»
ÔÄ»ÔÄ»ÔÄ»ÔÄ»ÔÄ»ÔÄ»ÔÄ»[1/12]ÔÄ»[22m[39m

[41m[1m FAIL [22m[49m 
src/core/sync/__tests__/SyncEngine.spec.ts[2m > 
[22mSyncEngine[2m > [22mshould trigger sync when a 
record is updated to pending
[31m[1mAssertionError[22m: expected "sync" to be 
called at least once[39m
[36m [2mÔØ»[22m src/core/sync/__tests__/SyncEngine.spe
c.ts:[2m153:21[22m[39m
    [90m151|[39m     [35mawait[39m [35mnew[39m 
[33mPromise[39m(resolve [33m=>[39m 
[34msetTimeout[39m(resolve[33m,[39m [34m1500[39m))
    [90m152|[39m
    [90m153|[39m     [34mexpect[39m(syncSpy)[33m.[3
9m[34mtoHaveBeenCalled[39m()
    [90m   |[39m                     [31m^[39m
    [90m154|[39m   })
    [90m155|[39m

[31m[2mÔÄ»ÔÄ»ÔÄ»ÔÄ»ÔÄ»ÔÄ»ÔÄ»ÔÄ»ÔÄ»ÔÄ»ÔÄ»ÔÄ»ÔÄ»ÔÄ»ÔÄ»ÔÄ»
ÔÄ»ÔÄ»ÔÄ»ÔÄ»ÔÄ»ÔÄ»ÔÄ»[2/12]ÔÄ»[22m[39m

[41m[1m FAIL [22m[49m 
src/core/sync/__tests__/SyncEngine.spec.ts[2m > 
[22mSyncEngine[2m > [22mshould trigger sync when 
network comes online
[31m[1mAssertionError[22m: expected "sync" to be 
called at least once[39m
[36m [2mÔØ»[22m src/core/sync/__tests__/SyncEngine.spe
c.ts:[2m176:21[22m[39m
    [90m174|[39m     
window[33m.[39m[34mdispatchEvent[39m([35mnew[39m 
[33mEvent[39m([32m'online'[39m))
    [90m175|[39m
    [90m176|[39m     [34mexpect[39m(syncSpy)[33m.[3
9m[34mtoHaveBeenCalled[39m()
    [90m   |[39m                     [31m^[39m
    [90m177|[39m   })
    [90m178|[39m

[31m[2mÔÄ»ÔÄ»ÔÄ»ÔÄ»ÔÄ»ÔÄ»ÔÄ»ÔÄ»ÔÄ»ÔÄ»ÔÄ»ÔÄ»ÔÄ»ÔÄ»ÔÄ»ÔÄ»
ÔÄ»ÔÄ»ÔÄ»ÔÄ»ÔÄ»ÔÄ»ÔÄ»[3/12]ÔÄ»[22m[39m

[41m[1m FAIL [22m[49m 
src/core/sync/__tests__/SyncEngine.spec.ts[2m > 
[22mSyncEngine[2m > [22mshould update online state 
when network goes offline
[31m[1mAssertionError[22m: expected "sync" to be 
called at least once[39m
[36m [2mÔØ»[22m src/core/sync/__tests__/SyncEngine.spe
c.ts:[2m187:21[22m[39m
    [90m185|[39m     [90m// Simulate triggering sync 
while offline[39m
    [90m186|[39m     
window[33m.[39m[34mdispatchEvent[39m([35mnew[39m 
[33mEvent[39m([32m'online'[39m))
    [90m187|[39m     [34mexpect[39m(syncSpy)[33m.[3
9m[34mtoHaveBeenCalled[39m()
    [90m   |[39m                     [31m^[39m
    [90m188|[39m   })
    [90m189|[39m

[31m[2mÔÄ»ÔÄ»ÔÄ»ÔÄ»ÔÄ»ÔÄ»ÔÄ»ÔÄ»ÔÄ»ÔÄ»ÔÄ»ÔÄ»ÔÄ»ÔÄ»ÔÄ»ÔÄ»
ÔÄ»ÔÄ»ÔÄ»ÔÄ»ÔÄ»ÔÄ»ÔÄ»[4/12]ÔÄ»[22m[39m

[41m[1m FAIL [22m[49m 
src/core/sync/__tests__/SyncEngine.spec.ts[2m > 
[22mSyncEngine[2m > [22mshould perform bulk upsert 
and update local status to synced
[31m[1mAssertionError[22m: expected 'pending' to be 
'synced' // Object.is equality[39m

Expected: [32m"synced"[39m
Received: [31m"pending"[39m

[36m [2mÔØ»[22m src/core/sync/__tests__/SyncEngine.spe
c.ts:[2m229:32[22m[39m
    [90m227|[39m
    [90m228|[39m     [35mconst[39m record 
[33m=[39m [35mawait[39m 
db[33m.[39mtransactions[33m.[39m[35mget[39m({ id })
    [90m229|[39m     [34mexpect[39m(record[33m?.[39
msyncStatus)[33m.[39m[34mtoBe[39m([32m'synced'[39m)
    [90m   |[39m                                
[31m^[39m
    [90m230|[39m   })
    [90m231|[39m

[31m[2mÔÄ»ÔÄ»ÔÄ»ÔÄ»ÔÄ»ÔÄ»ÔÄ»ÔÄ»ÔÄ»ÔÄ»ÔÄ»ÔÄ»ÔÄ»ÔÄ»ÔÄ»ÔÄ»
ÔÄ»ÔÄ»ÔÄ»ÔÄ»ÔÄ»ÔÄ»ÔÄ»[5/12]ÔÄ»[22m[39m

[41m[1m FAIL [22m[49m 
src/core/sync/__tests__/SyncEngine.spec.ts[2m > 
[22mSyncEngine[2m > [22mshould perform bulk delete 
and remove local record
[31m[1mAssertionError[22m: expected { id: 
'delete-id', ÔÇª(11) } to be undefined[39m

[32m- Expected:[39m
undefined

[31m+ Received:[39m
{
  "amount": 50,
  "category_id": "c1",
  "date": "2026-04-07",
  "deleted": true,
  "id": "delete-id",
  "localId": 7,
  "syncStatus": "pending",
  "title": "Delete Test",
  "type": "expense",
  "updated_at": "2026-04-08T04:26:35.495Z",
  "user_id": "u1",
  "wallet_id": "w1",
}

[36m [2mÔØ»[22m src/core/sync/__tests__/SyncEngine.spe
c.ts:[2m268:20[22m[39m
    [90m266|[39m
    [90m267|[39m     [35mconst[39m record 
[33m=[39m [35mawait[39m db[33m.[39mtransactions[33
m.[39m[35mget[39m(localId)
    [90m268|[39m     [34mexpect[39m(record)[33m.[39
m[34mtoBeUndefined[39m()
    [90m   |[39m                    [31m^[39m
    [90m269|[39m   })
    [90m270|[39m })

[31m[2mÔÄ»ÔÄ»ÔÄ»ÔÄ»ÔÄ»ÔÄ»ÔÄ»ÔÄ»ÔÄ»ÔÄ»ÔÄ»ÔÄ»ÔÄ»ÔÄ»ÔÄ»ÔÄ»
ÔÄ»ÔÄ»ÔÄ»ÔÄ»ÔÄ»ÔÄ»ÔÄ»[6/12]ÔÄ»[22m[39m

[41m[1m FAIL [22m[49m 
src/core/sync/__tests__/SyncEngineError.spec.ts[2m > 
[22mSyncEngine Task Implementation: Error Handling[2m 
> [22mshould mark records as failed if Supabase returns 
an error
[31m[1mAssertionError[22m: expected 'pending' to be 
'failed' // Object.is equality[39m

Expected: [32m"failed"[39m
Received: [31m"pending"[39m

[36m [2mÔØ»[22m src/core/sync/__tests__/SyncEngineErro
r.spec.ts:[2m71:32[22m[39m
    [90m 69|[39m     [90m// 3. Verify local record is 
marked as failed[39m
    [90m 70|[39m     [35mconst[39m record 
[33m=[39m [35mawait[39m 
db[33m.[39mtransactions[33m.[39m[35mget[39m({ id })
    [90m 71|[39m     [34mexpect[39m(record[33m?.[39
msyncStatus)[33m.[39m[34mtoBe[39m([32m'failed'[39m)
    [90m   |[39m                                
[31m^[39m
    [90m 72|[39m   })
    [90m 73|[39m

[31m[2mÔÄ»ÔÄ»ÔÄ»ÔÄ»ÔÄ»ÔÄ»ÔÄ»ÔÄ»ÔÄ»ÔÄ»ÔÄ»ÔÄ»ÔÄ»ÔÄ»ÔÄ»ÔÄ»
ÔÄ»ÔÄ»ÔÄ»ÔÄ»ÔÄ»ÔÄ»ÔÄ»[7/12]ÔÄ»[22m[39m

[41m[1m FAIL [22m[49m 
src/core/sync/__tests__/SyncEngineError.spec.ts[2m > 
[22mSyncEngine Task Implementation: Error Handling[2m 
> [22mshould mark records as failed if an exception is 
thrown during sync
[31m[1mAssertionError[22m: expected 'pending' to be 
'failed' // Object.is equality[39m

Expected: [32m"failed"[39m
Received: [31m"pending"[39m

[36m [2mÔØ»[22m src/core/sync/__tests__/SyncEngineErro
r.spec.ts:[2m101:32[22m[39m
    [90m 99|[39m     // Better: it should be marked as 
failed to avoid infinite retry lÔÇª
    [90m100|[39m     [35mconst[39m record 
[33m=[39m [35mawait[39m 
db[33m.[39mtransactions[33m.[39m[35mget[39m({ id })
    [90m101|[39m     [34mexpect[39m(record[33m?.[39
msyncStatus)[33m.[39m[34mtoBe[39m([32m'failed'[39m)
    [90m   |[39m                                
[31m^[39m
    [90m102|[39m   })
    [90m103|[39m })

[31m[2mÔÄ»ÔÄ»ÔÄ»ÔÄ»ÔÄ»ÔÄ»ÔÄ»ÔÄ»ÔÄ»ÔÄ»ÔÄ»ÔÄ»ÔÄ»ÔÄ»ÔÄ»ÔÄ»
ÔÄ»ÔÄ»ÔÄ»ÔÄ»ÔÄ»ÔÄ»ÔÄ»[8/12]ÔÄ»[22m[39m

[41m[1m FAIL [22m[49m 
src/core/sync/__tests__/SyncEngineTask.spec.ts[2m > 
[22mSyncEngine Task Implementation: Validate 
Response[2m > [22mshould update local record with 
remote id and set status to synced for NEW records
[31m[1mAssertionError[22m: expected undefined to be 
defined[39m
[36m [2mÔØ»[22m src/core/sync/__tests__/SyncEngineTask
.spec.ts:[2m71:24[22m[39m
    [90m 69|[39m     [35mconst[39m record 
[33m=[39m [35mawait[39m db[33m.[39mtransactions[33
m.[39m[35mget[39m(localId)
    [90m 70|[39m
    [90m 71|[39m     [34mexpect[39m(record[33m?.[39
mid)[33m.[39m[34mtoBeDefined[39m()
    [90m   |[39m                        [31m^[39m
    [90m 72|[39m     [34mexpect[39m([35mtypeof[39m 
record[33m?.[39mid)[33m.[39m[34mtoBe[39m([32m'stri
ng'[39m)
    [90m 73|[39m     [34mexpect[39m(record[33m?.[39
msyncStatus)[33m.[39m[34mtoBe[39m([32m'synced'[39m)

[31m[2mÔÄ»ÔÄ»ÔÄ»ÔÄ»ÔÄ»ÔÄ»ÔÄ»ÔÄ»ÔÄ»ÔÄ»ÔÄ»ÔÄ»ÔÄ»ÔÄ»ÔÄ»ÔÄ»
ÔÄ»ÔÄ»ÔÄ»ÔÄ»ÔÄ»ÔÄ»ÔÄ»[9/12]ÔÄ»[22m[39m

[41m[1m FAIL [22m[49m 
src/core/sync/__tests__/SyncStrategy.spec.ts[2m > 
[22mSync Strategy (LWW)[2m > [22mshould NOT overwrite 
remote record if remote updated_at is newer
[31m[1mAssertionError[22m: expected 'Local Version' 
to be 'Remote Version' // Object.is equality[39m

Expected: [32m"[7mRemote[27m Version"[39m
Received: [31m"[7mLocal[27m Version"[39m

[36m [2mÔØ»[22m src/core/sync/__tests__/SyncStrategy.s
pec.ts:[2m70:32[22m[39m
    [90m 68|[39m     // Actually, we expect the local 
record to be updated with the remÔÇª
    [90m 69|[39m     [35mconst[39m localRecord 
[33m=[39m [35mawait[39m 
db[33m.[39mtransactions[33m.[39m[35mget[39m({ id })
    [90m 70|[39m     [34mexpect[39m(localRecord[33m?
.[39mtitle)[33m.[39m[34mtoBe[39m([32m'Remote 
Version'[39m)
    [90m   |[39m                                
[31m^[39m
    [90m 71|[39m     [34mexpect[39m(localRecord[33m?
.[39msyncStatus)[33m.[39m[34mtoBe[39m([32m'synced'
[39m)
    [90m 72|[39m     [34mexpect[39m(localRecord[33m?
.[39mupdated_at)[33m.[39m[34mtoBe[39m(later)

[31m[2mÔÄ»ÔÄ»ÔÄ»ÔÄ»ÔÄ»ÔÄ»ÔÄ»ÔÄ»ÔÄ»ÔÄ»ÔÄ»ÔÄ»ÔÄ»ÔÄ»ÔÄ»ÔÄ»
ÔÄ»ÔÄ»ÔÄ»ÔÄ»ÔÄ»ÔÄ»[10/12]ÔÄ»[22m[39m

[41m[1m FAIL [22m[49m 
src/core/sync/__tests__/SyncStrategy.spec.ts[2m > 
[22mSync Strategy (LWW)[2m > [22mshould overwrite 
remote record if local updated_at is newer
[31m[1mAssertionError[22m: expected 'pending' to be 
'synced' // Object.is equality[39m

Expected: [32m"synced"[39m
Received: [31m"pending"[39m

[36m [2mÔØ»[22m src/core/sync/__tests__/SyncStrategy.s
pec.ts:[2m129:37[22m[39m
    [90m127|[39m
    [90m128|[39m     [35mconst[39m localRecord 
[33m=[39m [35mawait[39m 
db[33m.[39mtransactions[33m.[39m[35mget[39m({ id })
    [90m129|[39m     [34mexpect[39m(localRecord[33m?
.[39msyncStatus)[33m.[39m[34mtoBe[39m([32m'synced'
[39m)
    [90m   |[39m                                     
[31m^[39m
    [90m130|[39m     // We can't easily check if 
upsert was called with correct data heÔÇª
    [90m131|[39m     [90m// but the transition to 
'synced' confirms it was processed.[39m

[31m[2mÔÄ»ÔÄ»ÔÄ»ÔÄ»ÔÄ»ÔÄ»ÔÄ»ÔÄ»ÔÄ»ÔÄ»ÔÄ»ÔÄ»ÔÄ»ÔÄ»ÔÄ»ÔÄ»
ÔÄ»ÔÄ»ÔÄ»ÔÄ»ÔÄ»ÔÄ»[11/12]ÔÄ»[22m[39m

[41m[1m FAIL [22m[49m 
src/core/sync/__tests__/SyncStrategy.spec.ts[2m > 
[22mSync Strategy (LWW)[2m > [22mshould mark records 
as failed if supabase upsert fails
[31m[1mAssertionError[22m: expected 'pending' to be 
'failed' // Object.is equality[39m

Expected: [32m"failed"[39m
Received: [31m"pending"[39m

[36m [2mÔØ»[22m src/core/sync/__tests__/SyncStrategy.s
pec.ts:[2m171:32[22m[39m
    [90m169|[39m
    [90m170|[39m     [35mconst[39m record 
[33m=[39m [35mawait[39m 
db[33m.[39mtransactions[33m.[39m[35mget[39m({ id })
    [90m171|[39m     [34mexpect[39m(record[33m?.[39
msyncStatus)[33m.[39m[34mtoBe[39m([32m'failed'[39m)
    [90m   |[39m                                
[31m^[39m
    [90m172|[39m     })
    [90m173|[39m     })

[31m[2mÔÄ»ÔÄ»ÔÄ»ÔÄ»ÔÄ»ÔÄ»ÔÄ»ÔÄ»ÔÄ»ÔÄ»ÔÄ»ÔÄ»ÔÄ»ÔÄ»ÔÄ»ÔÄ»
ÔÄ»ÔÄ»ÔÄ»ÔÄ»ÔÄ»ÔÄ»[12/12]ÔÄ»[22m[39m


[2m Test Files [22m [1m[31m4 failed[39m[22m[2m | [22m[1m[32m32 passed[39m[22m[90m (36)[39m
[2m      Tests [22m [1m[31m12 failed[39m[22m[2m | [22m[1m[32m113 passed[39m[22m[90m (125)[39m
[2m   Start at [22m 01:26:29
[2m   Duration [22m 6.09s[2m (transform 13.29s, setup 7.28s, import 20.04s, tests 7.88s, environment 56.91s)[22m


